../Core/Src/main.c:76:6:HAL_UART_RxCpltCallback	64	static
../Core/Src/main.c:92:6:HAL_RTCEx_WakeUpTimerEventCallback	16	static
../Core/Src/main.c:104:5:main	176	static
../Core/Src/main.c:282:6:SystemClock_Config	96	static
../Core/Src/main.c:334:13:MX_ADC_Init	24	static
../Core/Src/main.c:389:13:MX_I2C1_Init	8	static
../Core/Src/main.c:423:13:MX_RTC_Init	32	static
../Core/Src/main.c:495:13:MX_USART2_UART_Init	8	static
../Core/Src/main.c:528:13:MX_GPIO_Init	48	static
../Core/Src/main.c:603:6:Error_Handler	4	static,ignoring_inline_asm
