../Core/Src/main.c:78:6:HAL_UART_RxCpltCallback	16	static
../Core/Src/main.c:92:6:HAL_RTCEx_WakeUpTimerEventCallback	16	static
../Core/Src/main.c:109:6:HAL_GPIO_EXTI_Callback	16	static
../Core/Src/main.c:127:5:main	128	static
../Core/Src/main.c:315:6:SystemClock_Config	96	static
../Core/Src/main.c:367:13:MX_ADC_Init	24	static
../Core/Src/main.c:422:13:MX_I2C1_Init	8	static
../Core/Src/main.c:456:13:MX_RTC_Init	32	static
../Core/Src/main.c:528:13:MX_USART2_UART_Init	8	static
../Core/Src/main.c:561:13:MX_GPIO_Init	48	static
../Core/Src/main.c:646:6:Error_Handler	4	static,ignoring_inline_asm
